#-----------------------------------------------------------
# Vivado v2016.2 (64-bit)
# SW Build 1577090 on Thu Jun  2 16:32:40 MDT 2016
# IP Build 1577682 on Fri Jun  3 12:00:54 MDT 2016
# Start of session at: Sat May 28 08:49:25 2022
# Process ID: 22064
# Current directory: D:/digital_logic/project/CPU31
# Command line: vivado.exe -gui_launcher_event rodinguilauncherevent20576 D:\digital_logic\project\CPU31\CPU31.xpr
# Log file: D:/digital_logic/project/CPU31/vivado.log
# Journal file: D:/digital_logic/project/CPU31\vivado.jou
#-----------------------------------------------------------
start_gui
open_project D:/digital_logic/project/CPU31/CPU31.xpr
update_compile_order -fileset sources_1
launch_simulation -noclean_dir
source system.tcl
add_wave {{/system/cpu}} 
restart
run all
restart
add_bp {D:/digital_logic/project/CPU31/CPU31.srcs/controller/CU.v} 77
remove_bps -file {D:/digital_logic/project/CPU31/CPU31.srcs/controller/CU.v} -line 77
add_bp {D:/digital_logic/project/CPU31/CPU31.srcs/controller/CU.v} 78
add_bp {D:/digital_logic/project/CPU31/CPU31.srcs/controller/CU.v} 77
run all
step
run all
step
step
step
step
step
step
step
step
step
step
step
step
step
step
step
step
step
step
step
step
step
step
step
step
step
step
step
step
step
step
step
step
step
step
step
step
step
run all
step
step
step
step
step
step
step
step
step
step
remove_bps -file {D:/digital_logic/project/CPU31/CPU31.srcs/controller/CU.v} -line 77
remove_bps -file {D:/digital_logic/project/CPU31/CPU31.srcs/controller/CU.v} -line 78
add_bp {D:/digital_logic/project/CPU31/CPU31.srcs/controller/CU.v} 83
run all
step
step
step
restart
remove_bps -file {D:/digital_logic/project/CPU31/CPU31.srcs/controller/CU.v} -line 83
add_bp {D:/digital_logic/project/CPU31/CPU31.srcs/system.v} 62
run all
step
step
step
step
step
run all
add_wave {{/system/datamemory}} 
add_wave {{/system/cpu}} 
add_wave {{/system/cpu/uPC}} 
add_wave {{/system/cpu/uCU}} 
restart
run all
remove_bps -file {D:/digital_logic/project/CPU31/CPU31.srcs/system.v} -line 62
run all
add_bp {D:/digital_logic/project/CPU31/CPU31.srcs/controller/dec.v} 63
restart
run all
remove_bps -file {D:/digital_logic/project/CPU31/CPU31.srcs/controller/dec.v} -line 63
add_bp {D:/digital_logic/project/CPU31/CPU31.srcs/controller/dec.v} 62
restart
run all
step
run all
step
step
step
step
step
run all
add_bp {D:/digital_logic/project/CPU31/CPU31.srcs/system.v} 108
restart
run all
step
step
step
step
step
step
step
step
step
step
step
add_bp {D:/digital_logic/project/CPU31/CPU31.srcs/controller/CU.v} 79
run all
run all
step
step
step
step
step
step
step
step
step
step
step
step
step
step
step
step
step
step
step
step
step
step
step
step
step
step
step
step
step
step
step
step
step
step
step
step
step
step
step
step
step
step
step
step
step
step
step
step
step
step
step
step
step
step
step
step
step
step
add_bp {D:/digital_logic/project/CPU31/CPU31.srcs/datapath/nPC.v} 30
restart
add_bp {D:/digital_logic/project/CPU31/CPU31.srcs/datapath/nPC.v} 28
remove_bps -file {D:/digital_logic/project/CPU31/CPU31.srcs/datapath/nPC.v} -line 28
add_bp {D:/digital_logic/project/CPU31/CPU31.srcs/datapath/nPC.v} 29
remove_bps -file {D:/digital_logic/project/CPU31/CPU31.srcs/datapath/nPC.v} -line 30
run all
run all
run all
run all
step
step
step
step
step
step
step
step
step
step
step
step
step
step
step
step
step
step
step
step
step
step
restart
step
step
step
step
step
step
step
step
step
step
step
step
step
step
step
step
remove_bps -file {D:/digital_logic/project/CPU31/CPU31.srcs/controller/CU.v} -line 79
restart
run all
remove_bps -file {D:/digital_logic/project/CPU31/CPU31.srcs/datapath/nPC.v} -line 29
run all
step
step
step
step
step
step
step
step
step
step
step
add_bp {D:/digital_logic/project/CPU31/CPU31.srcs/datapath/nPC.v} 32
run all
remove_bps -file {D:/digital_logic/project/CPU31/CPU31.srcs/controller/dec.v} -line 62
run all
restart
run all
remove_bps -file {D:/digital_logic/project/CPU31/CPU31.srcs/datapath/nPC.v} -line 32
restart
close_sim
launch_simulation -noclean_dir
source system.tcl
add_wave {{/system/cpu}} 
restart
run all
remove_bps -file {D:/digital_logic/project/CPU31/CPU31.srcs/system.v} -line 108
run all
restart
add_bp {D:/digital_logic/project/CPU31/CPU31.srcs/system.v} 62
run all
remove_bps -file {D:/digital_logic/project/CPU31/CPU31.srcs/system.v} -line 62
step
step
step
step
step
step
step
step
step
step
step
step
step
step
step
step
step
step
step
step
step
step
step
step
step
step
step
step
step
step
step
step
step
step
step
step
step
step
step
step
step
step
step
step
step
step
step
step
step
step
step
step
step
step
step
step
step
step
step
step
step
step
step
step
step
step
restart
run all
restart
add_bp {D:/digital_logic/project/CPU31/CPU31.srcs/system.v} 62
run all
remove_bps -file {D:/digital_logic/project/CPU31/CPU31.srcs/system.v} -line 62
add_bp {D:/digital_logic/project/CPU31/CPU31.srcs/cpu31.v} 204
run all
close_sim
launch_simulation -noclean_dir
source system.tcl
remove_bps -file {D:/digital_logic/project/CPU31/CPU31.srcs/cpu31.v} -line 204
run all
add_wave {{/system/cpu}} 
restart
run all
restart
add_bp {D:/digital_logic/project/CPU31/CPU31.srcs/cpu31.v} 204
run all
run all
run all
step
step
step
step
step
step
step
step
step
step
step
step
step
step
step
step
step
step
step
step
step
step
step
run all
restart
run all
run all
run all
restart
run all
run all
step
step
step
step
step
step
step
step
step
step
step
step
step
step
step
step
step
step
step
step
step
step
step
step
step
step
step
step
restart
add_bp {D:/digital_logic/project/CPU31/CPU31.srcs/system.v} 62
run all
run all
run all
step
step
step
step
step
step
step
step
step
step
step
step
step
step
step
step
step
step
step
step
step
step
step
step
step
step
step
step
step
step
step
step
step
step
step
step
step
step
step
step
step
step
step
step
step
step
step
step
step
step
step
step
step
step
step
step
step
step
step
step
step
step
step
step
step
step
step
step
step
step
step
step
step
step
step
restart
remove_bps -file {D:/digital_logic/project/CPU31/CPU31.srcs/cpu31.v} -line 204
run all
step
step
step
step
step
step
step
step
step
step
step
step
step
step
step
step
step
step
step
step
step
step
restart
run all
step
step
step
step
step
step
step
step
step
step
step
restart
run all
step
step
step
restart
run all
step
restart
run all
step
step
step
step
step
step
close_sim
launch_simulation -noclean_dir
source system.tcl
step
step
step
step
step
step
step
step
step
step
step
step
step
step
step
step
step
step
step
step
step
step
step
step
step
step
step
step
step
step
step
step
step
step
step
step
step
step
step
step
step
step
step
step
step
step
step
step
step
step
step
step
step
step
step
step
step
step
step
step
step
step
step
step
step
step
step
step
step
step
step
step
step
step
step
step
step
step
step
step
step
step
step
step
step
step
step
step
step
step
step
step
step
step
step
step
step
step
step
step
step
step
step
step
step
step
step
step
step
step
step
step
step
step
step
step
step
step
step
step
step
step
step
step
step
step
step
step
step
step
restart
restart
run all
step
step
step
step
step
step
step
step
step
step
step
step
step
step
step
step
step
step
step
step
step
step
step
step
step
step
step
step
step
step
step
step
step
step
step
step
step
step
step
step
step
step
step
step
step
step
step
step
step
step
step
step
step
step
step
step
step
step
step
step
step
step
step
step
step
step
step
step
step
step
step
step
step
step
step
step
step
step
step
step
step
step
step
step
step
step
step
step
step
step
step
step
step
step
step
step
step
step
step
step
step
step
step
step
step
step
step
step
step
step
step
step
step
step
step
step
step
step
step
step
step
step
step
restart
run all
step
step
step
step
step
step
step
step
step
step
step
step
step
step
step
step
step
step
step
step
step
step
step
step
step
step
step
step
step
step
step
step
step
step
step
step
step
step
step
step
step
step
step
step
step
step
step
step
step
step
step
step
step
step
step
step
step
step
step
step
step
step
step
step
step
step
step
step
step
step
step
step
step
step
step
step
step
step
step
step
step
step
step
step
step
step
step
step
step
step
step
step
step
step
step
step
step
step
step
step
step
step
step
step
step
step
step
step
step
step
step
step
step
step
step
step
step
step
step
step
step
step
step
step
step
step
restart
restart
run all
add_bp {D:/digital_logic/project/CPU31/CPU31.srcs/datapath/pcreg.v} 50
add_bp {D:/digital_logic/project/CPU31/CPU31.srcs/datapath/pcreg.v} 48
run all
remove_bps -file {D:/digital_logic/project/CPU31/CPU31.srcs/datapath/pcreg.v} -line 48
step
step
step
step
step
step
restart
run all
remove_bps -file {D:/digital_logic/project/CPU31/CPU31.srcs/datapath/pcreg.v} -line 50
run all
add_bp {D:/digital_logic/project/CPU31/CPU31.srcs/system.v} 70
add_bp {D:/digital_logic/project/CPU31/CPU31.srcs/datapath/pcreg.v} 50
run all
restart
remove_bps -file {D:/digital_logic/project/CPU31/CPU31.srcs/datapath/pcreg.v} -line 50
restart
run all
remove_bps -file {D:/digital_logic/project/CPU31/CPU31.srcs/system.v} -line 70
step
step
step
step
step
step
step
step
step
step
step
step
step
step
step
step
step
step
step
step
step
step
step
step
step
step
step
step
step
step
step
step
step
step
step
step
step
step
step
step
step
step
step
step
step
step
step
step
step
step
step
step
step
close_sim
launch_simulation -noclean_dir
source system.tcl
step
step
step
step
step
step
step
step
step
step
step
step
step
step
step
step
step
step
step
step
step
step
step
run all
add_wave {{/system/cpu}} 
restart
run all
remove_bps -file {D:/digital_logic/project/CPU31/CPU31.srcs/system.v} -line 62
run all
add_bp {D:/digital_logic/project/CPU31/CPU31.srcs/system.v} 62
restart
restart
run all
step
step
step
step
step
step
step
step
step
step
step
step
step
step
step
step
step
step
step
step
step
step
step
step
step
step
step
step
step
step
step
step
step
step
step
step
step
step
step
step
step
step
step
step
step
step
step
step
step
step
step
step
step
step
step
step
step
step
step
step
step
step
step
step
step
step
step
step
step
step
step
step
step
step
step
step
step
step
step
step
step
step
step
step
step
step
step
step
step
step
step
step
step
step
step
step
step
step
step
step
step
step
step
step
step
step
step
step
step
step
step
step
step
step
step
step
step
step
step
step
step
step
step
step
step
step
step
step
step
step
step
step
step
step
step
step
step
step
step
step
step
step
step
step
step
step
step
step
step
step
step
step
step
step
step
step
step
step
step
step
step
step
step
step
step
step
step
step
step
step
step
step
step
step
step
step
step
step
step
step
step
step
step
step
step
step
step
step
step
step
step
step
step
step
step
step
step
step
step
step
step
step
step
step
step
step
step
step
step
step
step
step
step
step
step
step
step
step
step
step
step
step
step
step
step
step
step
step
step
step
step
step
step
step
step
step
step
step
step
step
step
step
step
step
step
step
step
step
step
step
step
step
step
step
step
step
step
step
step
step
step
step
step
step
step
step
step
step
step
step
step
step
step
step
step
step
step
step
step
restart
restart
run all
add_bp {D:/digital_logic/project/CPU31/CPU31.srcs/system.v} 70
add_bp {D:/digital_logic/project/CPU31/CPU31.srcs/datapath/pcreg.v} 48
run all
step
step
run all
remove_bps -file {D:/digital_logic/project/CPU31/CPU31.srcs/system.v} -line 70
restart
run all
run all
run all
restart
run all
run all
step
step
step
step
step
step
step
step
step
step
step
step
step
step
step
step
step
step
step
step
step
step
step
step
step
step
run all
step
step
step
step
step
step
step
step
step
step
step
step
step
step
step
step
step
step
step
step
step
step
step
step
step
step
step
step
step
step
step
step
step
step
step
step
step
step
step
step
step
step
step
step
step
step
step
step
step
step
step
step
step
step
step
step
step
step
step
step
step
step
step
step
step
step
step
step
step
step
step
step
step
step
step
step
step
step
step
step
step
step
step
step
step
step
step
step
step
step
step
step
step
step
step
step
step
step
step
step
step
step
step
step
step
step
step
step
step
step
step
step
step
step
step
step
step
step
step
step
step
step
step
step
step
step
step
step
remove_bps -file {D:/digital_logic/project/CPU31/CPU31.srcs/datapath/pcreg.v} -line 48
close_sim
launch_simulation -noclean_dir
source system.tcl
step
step
step
step
step
step
step
step
step
step
step
step
step
step
step
step
step
step
step
step
step
step
step
step
step
step
step
step
step
step
step
step
step
step
step
step
step
step
step
step
step
step
step
step
step
step
step
step
step
restart
close_sim
launch_simulation -noclean_dir
launch_simulation -noclean_dir
source system.tcl
step
step
step
step
step
step
step
step
step
step
step
step
step
step
step
step
step
step
step
step
step
step
step
step
step
step
step
step
step
step
step
step
step
step
step
step
step
step
step
step
step
step
step
step
step
step
step
step
step
step
step
step
step
step
step
step
step
step
step
step
step
step
step
step
step
step
step
step
step
step
step
step
step
step
step
step
step
step
step
step
step
step
step
step
step
step
step
step
step
step
step
step
step
step
step
step
step
step
step
step
step
step
step
step
step
step
step
step
step
step
step
step
step
step
step
step
step
step
step
step
step
step
step
step
step
step
step
step
step
step
step
step
step
step
step
step
step
step
step
step
step
step
step
step
step
step
step
step
step
step
step
step
step
step
step
step
step
step
step
step
step
step
step
step
step
step
step
step
step
step
step
step
step
step
step
step
step
step
step
step
step
step
step
step
step
step
step
step
step
step
step
step
step
step
step
step
step
step
step
step
step
step
step
step
step
step
step
step
step
step
step
step
step
step
step
step
step
step
step
step
step
step
step
step
step
step
step
step
step
step
step
step
step
step
step
step
step
step
step
step
step
step
step
step
step
step
step
step
step
step
step
step
step
step
step
step
step
step
step
step
step
step
step
step
step
step
step
step
step
step
step
step
step
step
step
step
step
step
step
step
step
step
step
step
step
step
step
step
step
step
step
step
step
step
step
step
step
step
step
step
step
step
step
step
step
step
step
step
step
step
step
step
step
step
step
step
step
step
step
step
step
step
step
step
step
step
step
step
step
step
step
step
step
step
step
step
step
step
step
step
step
step
step
step
step
step
step
step
step
step
step
step
step
step
step
step
step
step
step
step
step
step
step
step
step
step
step
step
step
step
step
step
step
step
step
step
step
step
step
step
step
step
step
step
step
step
step
step
step
step
step
step
step
step
step
step
step
step
step
step
step
step
step
step
step
step
step
step
step
step
step
step
step
step
step
step
step
step
step
step
step
step
step
step
step
step
step
step
step
step
step
step
step
step
step
step
step
step
step
step
step
step
step
step
step
step
step
step
step
step
step
step
step
restart
close_sim
launch_simulation -noclean_dir
source system.tcl
step
step
step
step
step
step
step
step
step
step
step
step
step
step
run all
close_sim
launch_simulation -noclean_dir
source system.tcl
step
step
step
step
step
step
step
step
step
step
step
step
step
step
step
step
step
step
step
step
step
step
step
step
step
step
step
step
step
step
step
step
step
step
step
step
step
step
step
step
step
step
step
step
step
step
step
step
step
step
step
step
step
step
step
step
step
step
step
step
step
step
step
step
step
step
step
step
step
step
step
step
step
step
step
step
step
step
step
step
step
step
step
step
step
step
step
step
step
step
step
step
step
step
step
step
step
step
step
step
step
step
step
step
step
step
step
step
step
step
step
step
step
step
step
step
step
step
step
step
step
step
step
step
step
step
step
step
step
step
step
step
step
step
step
step
step
step
step
step
step
step
step
step
step
step
step
step
step
step
step
step
step
step
step
step
step
step
step
step
step
step
step
step
step
step
step
step
step
step
step
step
step
step
step
step
step
step
step
step
step
step
step
step
step
step
step
step
step
step
step
step
step
step
step
step
step
step
step
step
step
step
step
step
step
step
step
step
step
step
step
step
step
step
step
step
step
step
step
step
step
step
step
step
step
step
step
step
step
step
step
step
step
step
step
step
step
step
step
step
step
step
step
step
step
step
step
step
step
step
step
step
step
step
step
step
step
step
step
step
step
step
step
step
step
step
step
step
step
step
step
step
step
step
step
step
step
step
step
step
step
step
step
step
step
step
step
step
step
step
step
step
step
step
step
step
step
step
step
step
step
step
step
step
step
step
step
step
step
step
step
step
step
step
step
step
step
step
step
step
step
step
step
step
step
step
step
step
step
step
step
step
step
step
step
step
step
step
step
step
step
step
step
step
step
step
run all
close_sim
launch_simulation -noclean_dir
source system.tcl
step
step
step
step
step
step
step
step
step
step
step
step
step
step
step
step
step
step
step
step
step
step
step
step
step
step
step
step
step
step
add_bp {D:/digital_logic/project/CPU31/CPU31.srcs/cpu31.v} 207
run all
remove_bps -file {D:/digital_logic/project/CPU31/CPU31.srcs/cpu31.v} -line 207
step
step
step
step
step
step
step
step
step
step
step
step
step
step
step
step
step
step
step
step
step
step
step
step
step
step
step
step
step
step
step
step
step
step
step
step
step
step
step
step
step
step
step
step
step
step
step
step
step
step
step
step
step
step
step
step
step
step
step
step
step
step
step
step
step
step
step
step
step
step
step
step
step
step
step
step
step
step
step
step
step
step
step
step
step
step
step
step
step
step
step
step
step
step
step
step
step
step
step
step
step
step
step
step
step
step
step
step
step
step
step
step
step
step
step
step
step
step
step
step
step
step
step
step
step
step
step
step
step
step
step
step
step
step
step
step
step
step
step
step
step
step
step
step
step
step
step
step
step
restart
run all
step
step
step
step
step
step
step
step
step
step
step
step
step
step
step
step
step
step
step
step
step
step
step
step
restart
add_bp {D:/digital_logic/project/CPU31/CPU31.srcs/system.v} 59
run all
step
step
step
step
step
step
step
step
step
step
step
step
step
step
step
step
step
step
step
step
step
step
step
step
step
step
step
step
step
step
step
step
step
step
step
step
step
step
step
step
step
step
step
step
step
step
step
step
step
step
step
step
step
step
step
step
step
step
step
step
step
step
step
step
step
step
step
step
step
step
step
step
step
step
step
step
step
step
step
step
step
step
step
step
restart
run all
step
step
step
step
step
step
step
step
step
step
step
step
step
step
step
step
step
step
step
step
step
step
restart
run all
step
step
step
step
step
step
step
step
step
step
step
step
step
step
add_bp {D:/digital_logic/project/CPU31/CPU31.srcs/cpu31.v} 207
run all
step
step
step
step
step
step
step
step
step
step
step
step
step
step
step
step
step
step
step
step
step
step
step
step
step
step
step
step
step
step
step
step
step
step
step
step
step
step
step
step
step
step
step
step
step
step
step
step
step
step
step
step
step
step
step
step
step
step
step
step
step
step
step
step
step
step
step
step
step
step
step
step
step
step
step
step
step
step
step
step
step
step
step
step
step
step
step
step
step
step
step
step
step
step
step
step
step
step
step
step
step
step
step
step
step
step
step
step
step
step
step
step
step
step
step
step
step
step
step
step
step
step
step
step
step
step
step
step
step
step
step
step
step
step
step
step
step
step
step
step
step
step
step
step
step
step
step
step
step
step
step
step
step
step
step
step
step
step
step
step
step
step
step
step
step
step
step
step
step
step
step
step
step
step
step
step
step
step
step
step
step
step
step
step
step
step
step
step
step
step
step
step
step
step
step
step
step
step
step
step
step
step
step
step
step
step
step
step
step
step
step
step
step
step
step
step
step
step
step
step
step
step
step
step
step
step
step
step
step
step
step
step
step
step
step
step
step
step
step
step
step
step
step
step
step
step
step
step
step
step
step
step
step
step
step
step
step
step
step
step
step
step
step
step
step
step
step
step
step
step
step
step
step
step
step
step
step
step
step
step
step
step
step
step
step
step
step
step
step
step
step
step
step
step
step
step
step
step
step
step
step
step
step
step
step
step
step
step
step
step
step
step
step
step
step
step
step
step
step
step
step
step
step
step
step
close_sim
launch_simulation -noclean_dir
source system.tcl
step
step
step
step
step
step
step
step
step
step
step
step
step
step
step
step
step
step
step
step
step
step
step
step
step
step
step
step
step
step
step
step
step
step
step
step
step
step
step
step
step
add_bp {D:/digital_logic/project/CPU31/CPU31.srcs/controller/dec.v} 63
restart
run all
run all
remove_bps -file {D:/digital_logic/project/CPU31/CPU31.srcs/system.v} -line 59
run all
run all
remove_bps -file {D:/digital_logic/project/CPU31/CPU31.srcs/system.v} -line 62
restart
remove_bps -file {D:/digital_logic/project/CPU31/CPU31.srcs/controller/dec.v} -line 63
remove_bps -file {D:/digital_logic/project/CPU31/CPU31.srcs/cpu31.v} -line 207
add_wave {{/system/cpu}} 
restart
run all
restart
step
step
step
step
step
step
step
step
step
step
step
step
step
step
step
step
step
step
step
step
step
step
step
step
step
step
step
step
step
step
step
step
step
step
step
step
step
step
step
step
step
step
step
step
step
step
step
step
step
step
step
step
step
step
step
step
step
step
step
step
step
step
step
step
step
step
step
step
step
step
step
step
step
step
step
step
step
step
step
step
step
step
step
step
step
step
step
step
step
step
step
step
step
step
step
step
step
step
step
step
step
add_bp {D:/digital_logic/project/CPU31/CPU31.srcs/datapath/dm.v} 54
remove_bps -file {D:/digital_logic/project/CPU31/CPU31.srcs/datapath/dm.v} -line 54
restart
close_sim
launch_simulation -noclean_dir
source system.tcl
add_wave {{/system/cpu}} 
restart
run all
add_bp {D:/digital_logic/project/CPU31/CPU31.srcs/datapath/dm.v} 42
restart
run all
step
step
restart
add_wave {{/system/datamemory}} 
run all
remove_bps -file {D:/digital_logic/project/CPU31/CPU31.srcs/datapath/dm.v} -line 42
run all
add_wave {{/system/cpu/Regfile}} 
restart
run all
add_bp {D:/digital_logic/project/CPU31/CPU31.srcs/datapath/gpr.v} 45
add_bp {D:/digital_logic/project/CPU31/CPU31.srcs/datapath/gpr.v} 46
remove_bps -file {D:/digital_logic/project/CPU31/CPU31.srcs/datapath/gpr.v} -line 46
remove_bps -file {D:/digital_logic/project/CPU31/CPU31.srcs/datapath/gpr.v} -line 45
close_sim
launch_simulation -noclean_dir
source system.tcl
restart
run all
add_wave {{/system/cpu}} 
add_wave {{/system/cpu/Regfile}} 
restart
run all
close_sim
launch_simulation -noclean_dir
launch_simulation -noclean_dir
source system.tcl
add_wave {{/system/cpu}} 
restart
run all
close_sim
launch_simulation -noclean_dir
source system.tcl
add_wave {{/system/cpu}} 
restart
run all
close_sim
launch_simulation -noclean_dir
source system.tcl
add_wave {{/system/cpu}} 
restart
run all
close_sim
launch_simulation -noclean_dir
source system.tcl
add_wave {{/system/cpu}} 
restart
run all
restart
close_sim
launch_simulation -noclean_dir
source system.tcl
restart
add_bp {D:/digital_logic/project/CPU31/CPU31.srcs/system.v} 59
restart
run all
remove_bps -file {D:/digital_logic/project/CPU31/CPU31.srcs/system.v} -line 59
add_bp {D:/digital_logic/project/CPU31/CPU31.srcs/system.v} 62
run all
step
step
step
step
step
step
step
step
step
step
step
step
step
step
step
step
step
step
step
step
step
step
step
step
step
step
step
step
step
step
step
step
step
step
step
step
step
step
step
step
step
step
step
step
step
step
step
step
step
step
step
step
step
step
step
step
step
step
step
step
step
step
step
step
step
step
step
step
step
step
step
step
step
step
step
step
step
step
step
step
step
step
step
step
step
step
step
step
step
step
step
step
step
step
step
step
step
step
step
step
step
step
step
step
step
step
step
step
step
step
step
step
step
step
step
step
step
step
step
step
step
step
step
step
step
step
step
step
step
step
step
step
step
step
step
step
step
step
step
step
step
step
step
step
step
step
step
step
step
step
step
step
step
step
step
step
step
step
step
step
step
step
step
step
step
step
step
step
step
step
step
step
step
step
step
step
step
step
step
step
step
step
step
step
step
step
step
step
step
step
step
step
step
step
step
step
step
step
step
step
step
step
step
step
step
step
step
step
step
step
step
step
step
step
step
step
step
step
step
step
step
step
step
step
step
step
step
step
step
step
step
step
step
step
step
step
step
step
step
step
step
step
step
step
step
step
step
step
step
step
step
step
step
step
step
step
step
step
step
step
step
step
step
step
step
step
step
step
step
step
step
step
step
step
step
step
step
step
step
step
step
step
step
step
step
step
step
step
step
step
step
step
step
step
step
step
step
step
step
step
step
step
step
step
step
step
step
step
step
step
step
step
step
step
step
step
step
step
step
step
step
step
step
step
step
step
step
step
step
step
step
step
step
step
step
step
step
step
step
step
step
step
step
step
step
step
step
step
step
step
step
step
step
step
step
step
step
step
step
step
step
step
step
step
step
step
step
step
step
step
step
step
step
step
step
step
step
step
step
step
step
restart
close_sim
